// Jest Snapshot v1, https://goo.gl/fbAQLP

exports[`MainPage test matches snapshopt 1`] = `
<div>
  <div
    class="MyComponent"
  >
    <h1
      class="header01"
    >
      Test Main
    </h1>
    <h2>
      Hello. Jest!!
    </h2>
    <h4>
      number: 
      0
    </h4>
    <button>
      증가
    </button>
    <button>
      감소
    </button>
  </div>
</div>
`;
